<html>
<body>
<pre>
<h1>µVision Build Log</h1>
<h2>Tool Versions:</h2>
IDE-Version: µVision V5.29.0.0
Copyright (C) 2019 ARM Ltd and ARM Germany GmbH. All rights reserved.
License Information: Hung Admin, Matma, LIC=----
 
Tool Versions:
Toolchain:       MDK-Lite  Version: 5.29.0.0
Toolchain Path:  C:\Keil_v5\ARM\ARMCC\Bin
C Compiler:      Armcc.exe V5.06 update 6 (build 750)
Assembler:       Armasm.exe V5.06 update 6 (build 750)
Linker/Locator:  ArmLink.exe V5.06 update 6 (build 750)
Library Manager: ArmAr.exe V5.06 update 6 (build 750)
Hex Converter:   FromElf.exe V5.06 update 6 (build 750)
CPU DLL:         SARMCM3.DLL V5.29.0.0
Dialog DLL:      DCM.DLL V1.17.3.0
Target DLL:      STLink\ST-LINKIII-KEIL_SWO.dll V3.0.7.0
Dialog DLL:      TCM.DLL V1.36.5.0
 
<h2>Project:</h2>
D:\STM32F1\HAL\Do an\MDK-ARM\Do an.uvprojx
Project File Date:  06/21/2026

<h2>Output:</h2>
*** Using Compiler 'V5.06 update 6 (build 750)', folder: 'C:\Keil_v5\ARM\ARMCC\Bin'
Rebuild target 'Do an'
assembling startup_stm32f103xb.s...
compiling task_dsp.c...
../Core/Inc/osc_rtos.h(26): warning:  #1-D: last line of file ends without a newline
  #endif
..\Core\Src\task_dsp.c: 1 warning, 0 errors
compiling fonts.c...
../Core/Inc/fonts.h(18): warning:  #1-D: last line of file ends without a newline
  #endif // __FONTS_H__
..\Core\Src\fonts.c(300): warning:  #1-D: last line of file ends without a newline
  FontDef Font_16x26 = {16,26,Font16x26};
..\Core\Src\fonts.c: 2 warnings, 0 errors
compiling stm32f1xx_it.c...
compiling stm32f1xx_hal_timebase_tim.c...
compiling st7735_dma.c...
../Core/Inc/st7735_dma.h(40): warning:  #1-D: last line of file ends without a newline
  #endif
../Core/Inc/fonts.h(18): warning:  #1-D: last line of file ends without a newline
  #endif // __FONTS_H__
..\Core\Src\st7735_dma.c(57): warning:  #188-D: enumerated type mixed with another type
    HAL_GPIO_WritePin(GPIOB, GPIO_PIN_14, 0);
..\Core\Src\st7735_dma.c(59): warning:  #188-D: enumerated type mixed with another type
    HAL_GPIO_WritePin(GPIOB, GPIO_PIN_14, 1);
..\Core\Src\st7735_dma.c: 4 warnings, 0 errors
compiling stm32f1xx_hal_gpio_ex.c...
compiling stm32f1xx_hal_msp.c...
compiling task_btn.c...
../Core/Inc/osc_rtos.h(26): warning:  #1-D: last line of file ends without a newline
  #endif
..\Core\Src\task_btn.c(32): warning:  #188-D: enumerated type mixed with another type
          gConfig.holdRun = !gConfig.holdRun;
..\Core\Src\task_btn.c: 2 warnings, 0 errors
compiling task_adc.c...
../Core/Inc/osc_rtos.h(26): warning:  #1-D: last line of file ends without a newline
  #endif
..\Core\Src\task_adc.c: 1 warning, 0 errors
compiling main.c...
../Core/Inc/osc_rtos.h(26): warning:  #1-D: last line of file ends without a newline
  #endif
../Core/Src/main.c(132): warning:  #188-D: enumerated type mixed with another type
    HAL_GPIO_WritePin(GPIOB, GPIO_PIN_0, 1);
../Core/Src/main.c(496): warning:  #223-D: function "HAL_TIM_MspPostInit" declared implicitly
    HAL_TIM_MspPostInit(&htim2);
../Core/Src/main.c: 3 warnings, 0 errors
compiling freertos.c...
../Core/Inc/osc_rtos.h(26): warning:  #1-D: last line of file ends without a newline
  #endif
../Core/Src/freertos.c: 1 warning, 0 errors
compiling task_display.c...
../Core/Inc/osc_rtos.h(26): warning:  #1-D: last line of file ends without a newline
  #endif
../Core/Inc/st7735_dma.h(40): warning:  #1-D: last line of file ends without a newline
  #endif
..\Core\Src\task_display.c: 2 warnings, 0 errors
compiling Analog_signal.c...
../Core/Inc/osc_rtos.h(26): warning:  #1-D: last line of file ends without a newline
  #endif
..\Core\Src\Analog_signal.c: 1 warning, 0 errors
compiling stm32f1xx_hal_cortex.c...
compiling stm32f1xx_hal.c...
compiling stm32f1xx_hal_adc_ex.c...
compiling stm32f1xx_hal_adc.c...
compiling stm32f1xx_hal_pwr.c...
compiling stm32f1xx_hal_rcc_ex.c...
compiling stm32f1xx_hal_gpio.c...
compiling stm32f1xx_hal_tim_ex.c...
compiling stm32f1xx_hal_rcc.c...
compiling croutine.c...
compiling stm32f1xx_hal_dma.c...
compiling event_groups.c...
compiling list.c...
compiling stm32f1xx_hal_tim.c...
compiling timers.c...
compiling stream_buffer.c...
compiling queue.c...
compiling tasks.c...
compiling heap_4.c...
compiling port.c...
compiling cmsis_os.c...
compiling system_stm32f1xx.c...
compiling stm32f1xx_hal_flash.c...
compiling stm32f1xx_hal_flash_ex.c...
compiling stm32f1xx_hal_exti.c...
compiling stm32f1xx_hal_uart.c...
compiling stm32f1xx_hal_spi.c...
linking...
Program Size: Code=25724 RO-data=2572 RW-data=180 ZI-data=18756  
FromELF: creating hex file...
"Do an\Do an.axf" - 0 Error(s), 17 Warning(s).

<h2>Software Packages used:</h2>

Package Vendor: ARM
                http://www.keil.com/pack/ARM.CMSIS.5.6.0.pack
                ARM.CMSIS.5.6.0
                CMSIS (Cortex Microcontroller Software Interface Standard)
   * Component: CORE Version: 5.3.0

Package Vendor: Keil
                https://www.keil.com/pack/Keil.STM32F1xx_DFP.2.4.1.pack
                Keil.STM32F1xx_DFP.2.4.1
                STMicroelectronics STM32F1 Series Device Support, Drivers and Examples

<h2>Collection of Component include folders:</h2>
  .\RTE\_Do_an
  C:\Users\Admin\AppData\Local\Arm\Packs\ARM\CMSIS\5.6.0\CMSIS\Core\Include
  C:\Users\Admin\AppData\Local\Arm\Packs\Keil\STM32F1xx_DFP\2.4.1\Device\Include

<h2>Collection of Component Files used:</h2>

   * Component: ARM::CMSIS:CORE:5.3.0
Build Time Elapsed:  00:00:09
</pre>
</body>
</html>
